// Jest Snapshot v1, https://goo.gl/fbAQLP

exports[`renders correctly 1`] = `
<div>
  <section
    id="about"
  >
    <div
      className="row"
    >
      <div
        className="three columns"
      >
        <img
          alt="me"
          className="profile-pic"
          src="assets/me2.jpg"
        />
      </div>
      <div
        className="nine columns main-col"
      >
        <h2>
          About Me
        </h2>
        <p>
          Florida International University (FIU) Alumni with a Bachelors of Science in Computer Science. Very passionated about about my field and whats to come and the new tehcnologies and challenges it brings.
        </p>
      </div>
    </div>
  </section>
  <section
    id="experience"
  >
    <div
      className="row education"
    >
      <div
        className="three columns header-col"
      >
        <h1>
          <span>
            education
          </span>
        </h1>
      </div>
      <div
        className="nine columns main-col"
      >
        <div>
          <h2>
            Florida International University (FIU)
          </h2>
          <div
            className="major"
          >
            Bachelor of Science in Computer Science
            <br />
            <p
              className="date"
            >
              Graduated: Fall 2019
            </p>
          </div>
        </div>
      </div>
    </div>
    <div
      className="row work"
    >
      <div
        className="three columns header-col"
      >
        <h1>
          <span>
            work
          </span>
        </h1>
      </div>
      <div
        className="nine columns main-col"
      >
        <div
          className="row item"
        >
          <div
            className="twelve columns"
          >
            <h2>
              American Express
               
              <em
                style={
                  Object {
                    "fontSize": 12,
                    "paddingLeft": 30,
                  }
                }
              >
                June 2019
                 - 
                August 2019
              </em>
            </h2>
            <p
              className="title"
            >
              Mobile Engineer Intern
            </p>
            <p
              className="date"
            >
               
              Conducted code reviews and tested ongoin sprints while being a core memeber of a Agile team. Designed and developed on existing movile application on multiple channels such as React Native, Android and Java services/APIs.
            </p>
          </div>
        </div>
        <div
          className="row item"
        >
          <div
            className="twelve columns"
          >
            <h2>
              CodeArt
               
              <em
                style={
                  Object {
                    "fontSize": 12,
                    "paddingLeft": 30,
                  }
                }
              >
                June 2019
                 - 
                Present
              </em>
            </h2>
            <p
              className="title"
            >
              Programming Teacher
            </p>
            <p
              className="date"
            >
               
              As an instructor at CodeArt, my goals are to help the cause that CodeArt is continuing to support by opening the doors to the previously male-dominated field of coding, CodeArt inspires young women to explore coding, showcasing their talents, and pursue careers in this growing industry.
            </p>
          </div>
        </div>
      </div>
    </div>
    <div
      className="row projects"
    >
      <div
        className="three columns header-col"
      >
        <h1>
          <span>
            projects
          </span>
        </h1>
      </div>
      <div
        className="nine columns main-col"
      >
        <div
          className="row item"
        >
          <div
            className="twelve columns"
          >
            <h2>
              Full-Stack
               
              <em
                style={
                  Object {
                    "fontSize": 12,
                    "paddingLeft": 30,
                  }
                }
              >
                August 2019
              </em>
            </h2>
            <p
              className="title"
            >
              Portfolio
            </p>
            <p
              className="date"
            >
               
              Developed front-end using Redux and React.js, also implemented back-end using node.js, java spring and MongoDB. Jest testing framework was used for code consistency and unit testing.
            </p>
          </div>
        </div>
        <div
          className="row item"
        >
          <div
            className="twelve columns"
          >
            <h2>
              Neural Network / iOS App
               
              <em
                style={
                  Object {
                    "fontSize": 12,
                    "paddingLeft": 30,
                  }
                }
              >
                February 2019
              </em>
            </h2>
            <p
              className="title"
            >
              ParasiteAI
            </p>
            <p
              className="date"
            >
               
              For creating the neural network we used Flaks web app and it was hosted in Google Could App Engine. Created an iOS app that interacted with the neural network using 8base. It also won “best design” and third place overall.
            </p>
          </div>
        </div>
        <div
          className="row item"
        >
          <div
            className="twelve columns"
          >
            <h2>
              React-Native App
               
              <em
                style={
                  Object {
                    "fontSize": 12,
                    "paddingLeft": 30,
                  }
                }
              >
                August 2018
              </em>
            </h2>
            <p
              className="title"
            >
              Bank-Health
            </p>
            <p
              className="date"
            >
               
              Build a react native app, that told you about your bank health based on your transactions and account balance using fake data from City Bank API. Stored and saved all data in firebase. Used express framework from node.js for the back-end. It was also connected to google assistance for a hand-free experience.
            </p>
          </div>
        </div>
      </div>
    </div>
    <div
      className="row skill"
    >
      <div
        className="three columns header-col"
      >
        <h1>
          <span>
            Programming
            <p />
            Languages
          </span>
        </h1>
      </div>
      <div
        className="nine columns main-col"
      >
        <div
          className="bars"
        >
          <ul>
            <li>
              <span
                className="bar-expand java"
              />
              <em>
                JAVA
              </em>
            </li>
            <li>
              <span
                className="bar-expand javascript"
              />
              <em>
                JavaScript
              </em>
            </li>
            <li>
              <span
                className="bar-expand swift"
              />
              <em>
                Swift
              </em>
            </li>
            <li>
              <span
                className="bar-expand typescript"
              />
              <em>
                TypeScript
              </em>
            </li>
            <li>
              <span
                className="bar-expand kotlin"
              />
              <em>
                Kotlin
              </em>
            </li>
          </ul>
        </div>
      </div>
    </div>
  </section>
</div>
`;
